

┌─────────────┐
│ Scan Status │
└─────────────┘
  Scanning 31 files tracked by git with 225 Code rules:

  Language      Rules   Files          Origin      Rules
 ─────────────────────────────        ───────────────────
  <multilang>       2      31          Community     225
  json              1      14
  js               20       6



┌──────────────┐
│ Scan Summary │
└──────────────┘
✅ Scan completed successfully.
 • Findings: 0 (0 blocking)
 • Rules run: 23
 • Targets scanned: 31
 • Parsed lines: ~100.0%
 • Scan skipped:
   ◦ Matching --exclude patterns: 2
 • Scan was limited to files tracked by git
 • For a detailed list of skipped files and lines, run semgrep with the --verbose flag
Ran 23 rules on 31 files: 0 findings.
(need more rules? `semgrep login` for additional free Semgrep Registry rules)


A new version of Semgrep is available. See https://semgrep.dev/docs/upgrading
If Semgrep missed a finding, please send us feedback to let us know!
See https://semgrep.dev/docs/reporting-false-negatives/
